// Jest Snapshot v1, https://goo.gl/fbAQLP

exports[`Login Form tests should match the snapshot 1`] = `
ShallowWrapper {
  "length": 1,
  Symbol(enzyme.__root__): [Circular],
  Symbol(enzyme.__unrendered__): <LoginForm />,
  Symbol(enzyme.__renderer__): Object {
    "batchedUpdates": [Function],
    "getNode": [Function],
    "render": [Function],
    "simulateEvent": [Function],
    "unmount": [Function],
  },
  Symbol(enzyme.__node__): Object {
    "instance": null,
    "key": undefined,
    "nodeType": "host",
    "props": Object {
      "children": Array [
        <input
          className="email-input"
          name="email"
          onChange={[Function]}
          type="text"
          value=""
/>,
        <input
          className="password-input"
          name="password"
          onChange={[Function]}
          type="password"
          value=""
/>,
        <button>
          Login
</button>,
        <h3>
           
          
           
</h3>,
        <NavLink
          activeClassName="active"
          aria-current="page"
          to="/signup"
>
          Don't have an account?
</NavLink>,
      ],
      "className": "log-in-form",
      "onSubmit": [Function],
    },
    "ref": null,
    "rendered": Array [
      Object {
        "instance": null,
        "key": undefined,
        "nodeType": "host",
        "props": Object {
          "className": "email-input",
          "name": "email",
          "onChange": [Function],
          "type": "text",
          "value": "",
        },
        "ref": null,
        "rendered": null,
        "type": "input",
      },
      Object {
        "instance": null,
        "key": undefined,
        "nodeType": "host",
        "props": Object {
          "className": "password-input",
          "name": "password",
          "onChange": [Function],
          "type": "password",
          "value": "",
        },
        "ref": null,
        "rendered": null,
        "type": "input",
      },
      Object {
        "instance": null,
        "key": undefined,
        "nodeType": "host",
        "props": Object {
          "children": "Login",
        },
        "ref": null,
        "rendered": "Login",
        "type": "button",
      },
      Object {
        "instance": null,
        "key": undefined,
        "nodeType": "host",
        "props": Object {
          "children": Array [
            " ",
            "",
            " ",
          ],
        },
        "ref": null,
        "rendered": Array [
          " ",
          "",
          " ",
        ],
        "type": "h3",
      },
      Object {
        "instance": null,
        "key": undefined,
        "nodeType": "function",
        "props": Object {
          "activeClassName": "active",
          "aria-current": "page",
          "children": "Don't have an account?",
          "to": "/signup",
        },
        "ref": null,
        "rendered": "Don't have an account?",
        "type": [Function],
      },
    ],
    "type": "form",
  },
  Symbol(enzyme.__nodes__): Array [
    Object {
      "instance": null,
      "key": undefined,
      "nodeType": "host",
      "props": Object {
        "children": Array [
          <input
            className="email-input"
            name="email"
            onChange={[Function]}
            type="text"
            value=""
/>,
          <input
            className="password-input"
            name="password"
            onChange={[Function]}
            type="password"
            value=""
/>,
          <button>
            Login
</button>,
          <h3>
             
            
             
</h3>,
          <NavLink
            activeClassName="active"
            aria-current="page"
            to="/signup"
>
            Don't have an account?
</NavLink>,
        ],
        "className": "log-in-form",
        "onSubmit": [Function],
      },
      "ref": null,
      "rendered": Array [
        Object {
          "instance": null,
          "key": undefined,
          "nodeType": "host",
          "props": Object {
            "className": "email-input",
            "name": "email",
            "onChange": [Function],
            "type": "text",
            "value": "",
          },
          "ref": null,
          "rendered": null,
          "type": "input",
        },
        Object {
          "instance": null,
          "key": undefined,
          "nodeType": "host",
          "props": Object {
            "className": "password-input",
            "name": "password",
            "onChange": [Function],
            "type": "password",
            "value": "",
          },
          "ref": null,
          "rendered": null,
          "type": "input",
        },
        Object {
          "instance": null,
          "key": undefined,
          "nodeType": "host",
          "props": Object {
            "children": "Login",
          },
          "ref": null,
          "rendered": "Login",
          "type": "button",
        },
        Object {
          "instance": null,
          "key": undefined,
          "nodeType": "host",
          "props": Object {
            "children": Array [
              " ",
              "",
              " ",
            ],
          },
          "ref": null,
          "rendered": Array [
            " ",
            "",
            " ",
          ],
          "type": "h3",
        },
        Object {
          "instance": null,
          "key": undefined,
          "nodeType": "function",
          "props": Object {
            "activeClassName": "active",
            "aria-current": "page",
            "children": "Don't have an account?",
            "to": "/signup",
          },
          "ref": null,
          "rendered": "Don't have an account?",
          "type": [Function],
        },
      ],
      "type": "form",
    },
  ],
  Symbol(enzyme.__options__): Object {
    "adapter": ReactSixteenAdapter {
      "options": Object {
        "enableComponentDidUpdateOnSetState": true,
      },
    },
  },
}
`;
